23e00000 T _start
23e00020 t _undefined_instruction
23e00024 t _software_interrupt
23e00028 t _prefetch_abort
23e0002c t _data_abort
23e00030 t _not_used
23e00034 t _irq
23e00038 t _fiq
23e0003c t _pad
23e00040 T _TEXT_BASE
23e00040 T _end_vect
23e00044 T _bss_start_ofs
23e00048 T _image_copy_end_ofs
23e0004c T _bss_end_ofs
23e00050 T _end_ofs
23e00054 T IRQ_STACK_START_IN
23e00058 t reset
23e00070 t call_board_init_f
23e000f4 t nand_boot_210
23e000f8 t mmcsd_boot_210
23e000fc t board_init_in_ram
23e00100 T relocate_code
23e0010c t stack_setup
23e0012c t copy_loop
23e0015c t fixloop
23e00180 t fixabs
23e00194 t fixrel
23e0019c t fixnext
23e001b0 t _rel_dyn_start_ofs
23e001b4 t _rel_dyn_end_ofs
23e001b8 t _dynsym_start_ofs
23e001bc t clear_bss
23e001d4 t clbss_l
23e001e4 t jump_2_ram
23e0020c t _board_init_r_ofs
23e00210 t cpu_init_crit
23e00260 t undefined_instruction
23e002c0 t software_interrupt
23e00320 t prefetch_abort
23e00380 t data_abort
23e003e0 t not_used
23e00440 t irq
23e004a0 t fiq
23e00500 T invalidate_dcache_all
23e00504 T flush_dcache_all
23e00508 T invalidate_dcache_range
23e0050c T flush_dcache_range
23e00510 T arm_init_before_mmu
23e00514 T flush_cache
23e00518 T invalidate_icache_all
23e00530 T __v7_outer_cache_enable
23e00534 T __v7_outer_cache_disable
23e00538 T __v7_outer_cache_flush_all
23e00538 W v7_outer_cache_flush_all
23e0053c T __v7_outer_cache_inval_all
23e0053c W v7_outer_cache_inval_all
23e00540 T __v7_outer_cache_flush_range
23e00540 W v7_outer_cache_flush_range
23e00544 T __v7_outer_cache_inval_range
23e00544 W v7_outer_cache_inval_range
23e00548 T save_boot_params_default
23e00548 W save_boot_params
23e0054c T cleanup_before_linux
23e0056c T sdelay
23e00578 T sr32
23e0059c T wait_on_value
23e005d0 T s3c_usb_init_phy
23e00610 T s3c_usb_phy_off
23e0063c T s3c_usb_core_soft_reset
23e00658 T s3c_usb_wait_cable_insert
23e006a4 T s3c_usb_init_core
23e006c0 T s3c_usb_check_current_mode
23e006d4 T s3c_usb_set_soft_disconnect
23e006e8 T s3c_usb_clear_soft_disconnect
23e006fc T s3c_usb_init_device
23e00724 T s3c_usbctl_init
23e007a8 T s3c_usbc_activate
23e007b0 T s3c_usb_stop
23e007c4 T s3c_usb_print_pkt
23e00810 T s3c_usb_verify_checksum
23e008b8 T s3c_usb_set_inep_xfersize
23e008ec T s3c_usb_set_outep_xfersize
23e00920 T s3c_usb_write_ep0_fifo
23e0096c T s3c_usb_write_in_fifo
23e009b8 T s3c_usb_read_out_fifo
23e00a00 T s3c_usb_get_desc
23e00b10 T s3c_usb_clear_feature
23e00b80 T s3c_usb_set_feature
23e00cd8 T s3c_usb_get_status
23e00d50 T s3c_usb_ep0_int_hndlr
23e00ebc T s3c_usb_set_otherspeed_conf_desc
23e00fb0 T s3c_usb_transfer_ep0
23e018fc T s3c_usb_int_bulkin
23e019c4 T s3c_usb_upload_start
23e01b2c T s3c_usb_download_start
23e01c80 T s3c_usb_download_continue
23e01d84 T s3c_usb_int_bulkout
23e01dac T s3c_usb_dma_in_done
23e01e4c T s3c_usb_dma_out_done
23e01ef8 T s3c_usb_set_all_outep_nak
23e01f20 T s3c_usb_clear_all_outep_nak
23e01f48 T s3c_usb_set_max_pktsize
23e01f84 T s3c_usb_set_endpoint
23e01fd0 T s3c_usb_set_descriptors
23e02124 T s3c_usb_check_speed
23e0213c T s3c_usb_clear_dnfile_info
23e02158 T s3c_usb_clear_upfile_info
23e02174 T s3c_usb_check_setconf
23e0218c T s3c_usb_set_opmode
23e021f8 T s3c_usb_reset
23e02254 T s3c_usb_set_init
23e022b0 T s3c_usb_pkt_receive
23e02330 T s3c_usb_transfer
23e02420 T s3c_udc_int_hndlr
23e024c4 T arch_cpu_init
23e024f4 T get_device_type
23e02504 T print_cpuinfo
23e02548 t s5p_get_base_timer
23e02584 T timer_init
23e025b8 T reset_timer_masked
23e025d4 T get_timer_masked
23e02618 T get_timer
23e0262c T __udelay
23e026c0 T get_ticks
23e026d0 T get_tbclk
23e026d8 T s5p_config_sromc
23e02728 t samsung_get_base_timer
23e02764 T pwm_enable
23e02798 T pwm_disable
23e027c8 T pwm_config
23e028f4 T pwm_init
23e029c0 t samsung_get_base_clock
23e029fc T get_pll_clk
23e02b40 t s5pc100_get_pclk
23e02b78 t s5pc110_get_pclk
23e02bb8 T get_arm_clk
23e02c28 T get_pwm_clk
23e02c4c T get_uart_clk
23e02c70 T set_mmc_clk
23e02c80 T v7_outer_cache_enable
23e02c94 T v7_outer_cache_disable
23e02cc0 T reset_cpu
23e02cf0 t _loop_forever
23e02cfc t display_banner
23e02d1c t init_baudrate
23e02d70 T __coloured_LED_init
23e02d70 W coloured_LED_init
23e02d74 T __red_LED_on
23e02d74 W red_LED_on
23e02d78 T __red_LED_off
23e02d78 W red_LED_off
23e02d7c T __green_LED_on
23e02d7c W green_LED_on
23e02d80 T __green_LED_off
23e02d80 W green_LED_off
23e02d84 T __yellow_LED_on
23e02d84 W yellow_LED_on
23e02d88 T __yellow_LED_off
23e02d88 W yellow_LED_off
23e02d8c T __blue_LED_on
23e02d8c W blue_LED_on
23e02d90 T __blue_LED_off
23e02d90 W blue_LED_off
23e02d94 T __dram_init_banksize
23e02db0 T board_init_f_nand
23e02db4 T board_init_r
23e02edc T hang
23e02ef0 T board_init_f
23e03008 T arch_lmb_reserve
23e0302c T do_bootm_linux
23e031ec T __flush_cache
23e031f0 T __flush_dcache_all
23e031fc T __enable_caches
23e031fc W enable_caches
23e03208 t cp_delay
23e03238 T __arm_init_before_mmu
23e0323c T icache_enable
23e03254 T icache_disable
23e0326c T icache_status
23e03280 T dcache_enable
23e03284 T dcache_disable
23e03288 T dcache_status
23e03290 T interrupt_init
23e032ac T enable_interrupts
23e032b0 T disable_interrupts
23e032b8 T bad_mode
23e032c8 T show_regs
23e03408 T do_undefined_instruction
23e0342c T do_software_interrupt
23e03450 T do_prefetch_abort
23e03474 T do_data_abort
23e03498 T do_not_used
23e034bc T do_fiq
23e034e0 T do_irq
23e03504 T do_reset
23e03534 T do_bdinfo
23e03688 W do_go_exec
23e036a0 T do_go
23e03710 t __fswab32
23e0372c T do_bootd
23e03750 t do_bootm_rtems
23e0378c t do_bootm_qnxelf
23e037f0 t do_bootm_vxworks
23e03854 t do_bootm_netbsd
23e0398c t image_check_magic.clone.8
23e039ac t image_info
23e03a74 T do_iminfo
23e03ad4 t image_get_size.clone.9
23e03ad8 t bootm_load_os.clone.17
23e03c34 t bootm_start.clone.16
23e03fb4 T __arch_preboot_os
23e03fb4 W arch_preboot_os
23e03fb8 T do_bootm_subcommand
23e04204 T do_bootm
23e0449c T bootm_maybe_autostart
23e04510 T do_coninfo
23e045c8 T do_echo
23e04648 t load_elf_image_shdr
23e046d8 W do_bootelf_exec
23e0471c T valid_elf_image
23e04768 T do_bootvx
23e04a00 T do_bootelf
23e04b54 T do_exit
23e04b84 T do_fat_fsinfo
23e04c5c T do_fat_ls
23e04d64 T do_fat_fsload
23e04ee8 T do_flinfo
23e04ef0 T do_flerase
23e04ef8 T do_protect
23e04f48 T do_help
23e04f90 t evalstr
23e04fac t evalexp
23e0501c T binary_test
23e051d8 T do_itest
23e05270 t bin_data_init
23e0528c t bin_data_char
23e052ac t load_serial_ymodem
23e053a4 t getcxmodem
23e053c4 t load_serial
23e055dc T do_load_serial
23e056b8 T send_pad
23e056e4 T ktrans
23e05704 T chk1
23e0572c T s1_sendpacket
23e05750 T send_ack
23e057b0 T send_nack
23e05810 T k_data_init
23e05830 T k_data_save
23e05854 T k_data_restore
23e05878 T k_data_char
23e058c8 T handle_send_packet
23e05a8c T do_load_serial_bin
23e05ee8 T do_mem_crc
23e05f90 T do_mem_base
23e05fd4 T do_mem_mtest
23e06178 T do_mem_loop
23e06270 T do_mem_cp
23e06348 T do_mem_cmp
23e064d8 T do_mem_mw
23e06594 t mod_mem
23e066e0 T do_mem_nm
23e06704 T do_mem_mm
23e06728 T do_mem_md
23e06800 T do_sleep
23e06880 T do_mmcops
23e06cb0 T do_mmcinfo
23e06e40 t mtd_part_info
23e06ed4 t index_partitions
23e06f98 t memsize_format
23e06fec t current_save
23e0709c t part_sort_add
23e071c8 t part_delall
23e0720c t device_del
23e0727c t memsize_parse
23e072e4 t get_mtd_info
23e07364 t part_validate_eraseblock
23e07524 t device_delall.clone.2
23e07588 t mtd_devices_init
23e075ac t generate_mtdparts_save.clone.1
23e07874 T mtd_device_validate
23e078a4 T device_find
23e078f0 t device_parse
23e07e5c T mtd_id_parse
23e07f6c T find_dev_and_part
23e08124 T mtdparts_init
23e08718 T do_mtdparts
23e08d44 T do_chpart
23e08e0c t nand_print_info
23e08e78 t set_dev
23e08ee8 t nand_load_image
23e0909c T do_nandboot
23e092fc t str2off
23e09338 t arg_off_size
23e0954c T do_nand
23e09f90 T do_ping
23e0a014 t netboot_common
23e0a2cc T do_nfs
23e0a2d8 T do_dhcp
23e0a2e4 T do_tftpb
23e0a2f0 T do_bootp
23e0a2fc t do_env
23e0a35c t do_env_delete
23e0a374 t do_env_import
23e0a5bc t do_env_default
23e0a604 T do_env_save
23e0a630 t env_print
23e0a6c8 T do_env_print
23e0a74c T get_env_id
23e0a75c T _do_env_set
23e0ab24 T do_env_set
23e0ab40 T setenv
23e0ab90 t do_env_export
23e0adb0 T envmatch
23e0ae14 T getenv_f
23e0aed0 T getenv
23e0af3c T do_env_edit
23e0afa4 t __fswab32
23e0afc0 T source
23e0b0e4 T do_source
23e0b128 T do_false
23e0b130 T do_true
23e0b138 T do_test
23e0b5a8 T do_usbd_dnw
23e0b6a0 T do_version
23e0b6d8 T do_imgextract
23e0b9b0 T find_cmd_tbl
23e0ba4c T find_cmd
23e0ba74 T cmd_usage
23e0bad0 T _do_help
23e0bc58 T cmd_get_data_size
23e0bca8 t console_setfile
23e0bd4c T serial_printf
23e0bd90 T fgetc
23e0bdbc T ftstc
23e0bde8 T fputc
23e0be10 T fputs
23e0be38 T fprintf
23e0be84 T getc
23e0be9c T tstc
23e0beb4 T putc
23e0bed0 T puts
23e0beec T printf
23e0bf30 T vprintf
23e0bf68 T ctrlc
23e0bfb4 T disable_ctrlc
23e0bfcc T had_ctrlc
23e0bfdc T clear_ctrlc
23e0bff0 T dbg
23e0bffc T search_device
23e0c024 T console_assign
23e0c064 T console_init_f
23e0c074 T stdio_print_current_devices
23e0c12c T console_init_r
23e0c214 T sbrk
23e0c270 T mem_malloc_init
23e0c290 T malloc_trim
23e0c360 T free
23e0c584 T cfree
23e0c588 T malloc
23e0cb40 T calloc
23e0cc20 T memalign
23e0cd30 T pvalloc
23e0cd48 T valloc
23e0cd54 T realloc
23e0d1a4 T malloc_usable_size
23e0d1e4 T mallopt
23e0d258 T env_get_addr
23e0d27c T env_get_char_memory
23e0d28c T env_get_char
23e0d2c0 T set_default_env
23e0d360 T env_import
23e0d430 T env_relocate
23e0d460 T env_get_char_spec
23e0d46c T env_init
23e0d488 T writeenv
23e0d540 T saveenv
23e0d688 T readenv
23e0d73c T env_relocate_spec
23e0d780 t dummy
23e0d784 T get_version
23e0d78c T jumptable_init
23e0d91c t static_get
23e0d938 t static_peek
23e0d944 t file_peek
23e0d950 t is_assignment
23e0d9a4 t syntax_err
23e0d9b0 T do_showvar
23e0daa0 t xmalloc
23e0dac0 t file_get
23e0dc68 t free_pipe_list
23e0dd44 t xrealloc
23e0dd64 t done_command
23e0ddec t b_addchr
23e0de64 t b_addqchr
23e0deb0 T simple_itoa
23e0df08 T get_local_var
23e0df98 t insert_var_value
23e0e0d4 T set_local_var
23e0e28c T unset_local_var
23e0e32c T new_pipe
23e0e354 t done_pipe
23e0e39c T reserved_word
23e0e54c t done_word
23e0e6c4 T mapset
23e0e6e8 T update_ifs_map
23e0e758 T parse_string_outer
23e0e848 t run_list_real
23e0f030 t parse_stream_outer
23e0f650 T parse_file_outer
23e0f694 T u_boot_hush_start
23e0f6e8 t __fswab32
23e0f704 t image_check_magic.clone.8
23e0f724 t image_get_data_size.clone.10
23e0f728 T image_check_hcrc
23e0f778 T image_check_dcrc
23e0f7b8 T image_multi_count
23e0f7d8 T image_multi_getimg
23e0f85c T getenv_yesno
23e0f884 T getenv_bootm_low
23e0f8b4 T getenv_bootm_size
23e0f910 T getenv_bootm_mapsize
23e0f940 T memmove_wd
23e0f94c T genimg_print_size
23e0f97c T get_table_entry_name
23e0f9a8 T genimg_get_os_name
23e0f9c0 T genimg_get_arch_name
23e0f9d8 T genimg_get_type_name
23e0f9f0 T genimg_get_comp_name
23e0fa08 T image_print_contents
23e0fb80 T get_table_entry_id
23e0fbcc T genimg_get_os_id
23e0fbe4 T genimg_get_arch_id
23e0fbfc T genimg_get_type_id
23e0fc14 T genimg_get_comp_id
23e0fc2c T genimg_get_format
23e0fc44 T genimg_get_image
23e0fc48 T genimg_has_config
23e0fc50 T boot_get_ramdisk
23e0fe80 T boot_ramdisk_high
23e0ffac t delete_char
23e10084 t cread_add_char
23e10170 T __show_boot_progress
23e10170 W show_boot_progress
23e10174 T readline_into_buffer
23e109cc T readline
23e109e8 T parse_line
23e10a78 T run_command
23e10e0c T main_loop
23e10f3c T do_run
23e10fb0 T get_ram_size
23e110a8 t hex1_bin
23e110e0 t hex2_bin
23e11114 T srec_decode
23e1138c T serial_register
23e113a4 T serial_stdio_init
23e11434 T serial_assign
23e11480 T serial_initialize
23e114d0 T serial_reinit_all
23e114fc T serial_init
23e1153c T serial_setbrg
23e11574 T serial_getc
23e115b4 T serial_tstc
23e115f4 T serial_putc
23e11634 T serial_puts
23e11674 T stdio_get_list
23e11680 T stdio_get_by_name
23e116d4 T stdio_clone
23e1171c T stdio_register
23e11760 T stdio_init
23e117f0 T CYGACC_COMM_IF_GETC_TIMEOUT
23e11844 t xyzModem_flush
23e11870 t xyzModem_get_hdr
23e11ae8 T CYGACC_COMM_IF_PUTC
23e11af0 T parse_num
23e11c0c T xyzModem_stream_open
23e11d54 T xyzModem_stream_read
23e11fa4 T xyzModem_stream_close
23e11ff4 T xyzModem_stream_terminate
23e12088 T xyzModem_error
23e120a8 T get_dev
23e12108 T dev_print
23e12320 T init_part
23e1233c T get_partition_info
23e12364 T print_part
23e1244c t le32_to_int
23e12470 t is_extended
23e12494 t get_partition_info_extended
23e126dc t print_partition_extended
23e128d8 T test_part_dos
23e12940 T print_part_dos
23e1296c T get_partition_info_dos
23e1298c T s5p_gpio_cfg_pin
23e129a8 T s5p_gpio_direction_output
23e129e0 T s5p_gpio_direction_input
23e129e8 T s5p_gpio_set_value
23e12a08 T s5p_gpio_get_value
23e12a20 T s5p_gpio_set_pull
23e12a44 T s5p_gpio_set_drv
23e12a68 T s5p_gpio_set_rate
23e12a90 T s5p_gpio_get_bank
23e12ab0 T s5p_gpio_get_pin
23e12ac8 T gpio_request
23e12ad0 T gpio_direction_input
23e12b14 T gpio_direction_output
23e12b5c T gpio_get_value
23e12ba4 T gpio_set_value
23e12be0 t __fswab32
23e12bfc T __board_mmc_getcd
23e12bfc W board_mmc_getcd
23e12c04 T mmc_send_cmd
23e12c14 T mmc_send_status
23e12cdc T mmc_set_blocklen
23e12d14 T find_mmc_device
23e12d5c t mmc_berase
23e12ef0 t mmc_bwrite
23e13084 T mmc_read_blocks
23e13164 t mmc_bread
23e13208 T mmc_go_idle
23e1325c T sd_send_op_cond
23e133c0 T mmc_send_op_cond
23e1352c T mmc_send_ext_csd
23e13580 T mmc_switch
23e135d8 T mmc_change_freq
23e1368c T mmc_switch_part
23e136c8 T sd_switch
23e13738 T sd_change_freq
23e13918 T mmc_set_ios
23e13928 T mmc_set_clock
23e13954 T mmc_set_bus_width
23e13968 T mmc_startup
23e13fa4 T mmc_send_if_cond
23e14024 T mmc_register
23e140a8 T mmc_get_dev
23e140bc T mmc_init
23e14174 W cpu_mmc_init
23e14174 t __def_mmc_init
23e1417c T print_mmc_devices
23e141e0 T get_mmc_num
23e141f0 T mmc_initialize
23e1423c t mmc_core_init
23e14304 t mmc_send_cmd
23e14618 t mmc_set_ios
23e14764 T s5p_mmc_init
23e14890 T add_mtd_device
23e14900 T del_mtd_device
23e14950 T get_mtd_device
23e149cc T get_mtd_device_nm
23e14a40 T put_mtd_device
23e14a6c T nand_init
23e14b28 t generic_ffs
23e14b78 t nand_release_device
23e14b90 t nand_read_byte
23e14ba4 t nand_read_byte16
23e14bb8 t nand_read_word
23e14bc8 t nand_write_buf
23e14bf4 t nand_read_buf
23e14c20 t nand_verify_buf
23e14c64 t nand_write_buf16
23e14c94 t nand_read_buf16
23e14cc0 t nand_verify_buf16
23e14d04 t nand_block_bad
23e14df8 t nand_check_wp
23e14e34 t nand_read_page_raw
23e14e6c t nand_read_page_raw_syndrome
23e14f40 t nand_read_page_swecc
23e15050 t nand_read_subpage
23e152d0 t nand_read_page_hwecc
23e15404 t nand_read_page_hwecc_oob_first
23e15534 t nand_read_page_syndrome
23e1565c t nand_read_oob_std
23e156a4 t nand_read_oob_syndrome
23e157a8 t nand_write_oob_std
23e15818 t nand_write_oob_syndrome
23e159cc t nand_write_page_raw
23e15a00 t nand_write_page_raw_syndrome
23e15ad0 t nand_write_page_swecc
23e15b7c t nand_write_page_hwecc
23e15c3c t nand_write_page_syndrome
23e15d30 t single_erase_cmd
23e15d6c t multi_erase_cmd
23e15df8 t nand_sync
23e15e08 t nand_select_chip
23e15e60 t nand_block_checkbad
23e15ee0 t nand_block_isbad
23e15f20 t nand_block_markbad
23e15f5c t nand_write_page
23e16004 t nand_fill_oob
23e1610c t nand_do_write_oob
23e162c4 t nand_do_write_ops
23e165b0 t nand_write_oob
23e16658 t nand_transfer_oob
23e16760 t nand_write
23e1694c t nand_default_block_markbad
23e16a3c t nand_wait
23e16b10 T nand_wait_ready
23e16b5c t nand_do_read_ops
23e16f68 t nand_read_oob
23e17228 t nand_read
23e172b8 t nand_command
23e17498 t nand_command_lp
23e17700 T nand_erase_nand
23e17af4 t nand_erase
23e17afc T nand_scan_ident
23e180f0 T nand_scan_tail
23e1867c T nand_scan
23e186a0 T nand_release
23e186c8 t check_pattern
23e1877c t scan_read_raw
23e187c4 t create_bbt
23e18a94 t search_bbt
23e18cac t read_bbt
23e18ee8 t read_abs_bbt
23e18fe0 t write_bbt
23e19658 T nand_update_bbt
23e19794 t mark_bbt_region
23e19914 T nand_scan_bbt
23e19dc4 T nand_default_bbt
23e19e84 T nand_isbad_bbt
23e19ed8 T nand_calculate_ecc
23e19fc8 T nand_correct_data
23e1a0e8 t nand_block_bad_scrub
23e1a0f0 t check_skip_len
23e1a180 T nand_erase_opts
23e1a4f4 T nand_write_skip_bad
23e1a780 T nand_read_skip_bad
23e1a99c t s3c_nand_hwcontrol
23e1aa14 t s3c_nand_device_ready
23e1aa30 t s3c_nand_calculate_ecc
23e1aad0 t s3c_nand_wait_ecc_busy_8bit
23e1aae8 T s3c_nand_enable_hwecc_8bit
23e1ac44 T s3c_nand_read_oob_8bit
23e1ac8c T s3c_nand_write_oob_8bit
23e1acf4 t s3c_nand_read_page_4bit
23e1ae08 t s3c_nand_write_page_4bit
23e1aec8 t s3c_nand_correct_data
23e1b088 t s3c_nand_enable_hwecc
23e1b108 T s3c_nand_correct_data_8bit
23e1b240 T s3c_nand_calculate_ecc_8bit
23e1b35c T s3c_nand_read_page_8bit
23e1b450 T s3c_nand_write_page_8bit
23e1b518 t s3c_nand_scan_bbt
23e1b51c T board_nand_init
23e1b828 t dm9000_outblk_8bit
23e1b850 t dm9000_outblk_16bit
23e1b884 t dm9000_outblk_32bit
23e1b8bc t dm9000_inblk_8bit
23e1b8e8 t dm9000_inblk_16bit
23e1b91c t dm9000_inblk_32bit
23e1b954 t dm9000_rx_status_32bit
23e1b97c t dm9000_rx_status_16bit
23e1b9a4 t dm9000_rx_status_8bit
23e1b9ec t dm9000_reset
23e1bac0 t dm9000_rx
23e1bc2c t dm9000_halt
23e1bcbc t dm9000_phy_read
23e1bd2c t dm9000_init
23e1c090 t dm9000_send
23e1c17c T dm9000_initialize
23e1c200 t samsung_get_base_uart
23e1c23c T serial_setbrg_dev
23e1c284 T s5p_serial3_setbrg
23e1c28c T s5p_serial2_setbrg
23e1c294 T s5p_serial1_setbrg
23e1c29c T s5p_serial0_setbrg
23e1c2a4 T serial_init_dev
23e1c2e4 T s5p_serial3_init
23e1c2ec T s5p_serial2_init
23e1c2f4 T s5p_serial1_init
23e1c2fc T s5p_serial0_init
23e1c304 T serial_getc_dev
23e1c348 T s5p_serial3_getc
23e1c350 T s5p_serial2_getc
23e1c358 T s5p_serial1_getc
23e1c360 T s5p_serial0_getc
23e1c368 T serial_putc_dev
23e1c3b8 T s5p_serial3_putc
23e1c3c0 T s5p_serial2_putc
23e1c3c8 T s5p_serial1_putc
23e1c3d0 T s5p_serial0_putc
23e1c3d8 T serial_tstc_dev
23e1c3f4 T s5p_serial3_tstc
23e1c3fc T s5p_serial2_tstc
23e1c404 T s5p_serial1_tstc
23e1c40c T s5p_serial0_tstc
23e1c414 T serial_puts_dev
23e1c43c T s5p_serial3_puts
23e1c444 T s5p_serial2_puts
23e1c44c T s5p_serial1_puts
23e1c454 T s5p_serial0_puts
23e1c45c W default_serial_console
23e1c468 t downcase
23e1c48c t disk_read
23e1c4e0 t dirdelim
23e1c514 t get_fatent
23e1c674 t slot2str
23e1c744 t mkcksum
23e1c774 t get_cluster
23e1c814 t get_vfatname
23e1c9dc t get_name
23e1ca94 t read_bootsectandvi
23e1cb84 T fat_register_device
23e1cc98 T do_fat_read
23e1d70c T file_fat_detectfs
23e1d86c T file_fat_ls
23e1d87c T file_fat_read
23e1d8b4 T file_getfsname
23e1d8cc T file_cd
23e1dac0 T file_detectfs
23e1db00 T file_ls
23e1db88 T file_read
23e1dc20 T crc7
23e1dc48 T cyg_crc16
23e1dc90 T crc32_no_comp
23e1dd78 T crc32
23e1dd8c T crc32_wd
23e1dd90 T display_options
23e1ddb0 T print_size
23e1dee0 T print_buffer
23e1e04c T zfree
23e1e054 T zalloc
23e1e064 T zunzip
23e1e16c T gunzip
23e1e218 t cmpkey
23e1e22c T hcreate_r
23e1e2d8 T hdestroy_r
23e1e34c T hstrstr_r
23e1e3f8 T hmatch_r
23e1e498 T hsearch_r
23e1e77c T hdelete_r
23e1e804 T hexport_r
23e1ea1c T himport_r
23e1ec60 t lmb_add_region
23e1ee18 T lmb_dump_all
23e1ee1c T lmb_init
23e1ee44 T lmb_add
23e1ee48 T lmb_free
23e1ef70 T lmb_reserve
23e1ef78 T lmb_overlaps_region
23e1efcc T __lmb_alloc_base
23e1f0fc T lmb_alloc_base
23e1f130 T lmb_alloc
23e1f138 T lmb_is_reserved
23e1f198 T __board_lmb_reserve
23e1f198 W board_lmb_reserve
23e1f19c T __arch_lmb_reserve
23e1f1a0 T ldiv
23e1f1f0 T string_to_ip
23e1f26c T qsort
23e1f358 T strcmp_compar
23e1f364 T strmhz
23e1f3d0 T __div64_32
23e1f4c4 T strcpy
23e1f4e0 T strncpy
23e1f508 T strcat
23e1f538 T strncat
23e1f588 T strcmp
23e1f5b8 T strncmp
23e1f600 T strchr
23e1f634 T strlen
23e1f650 T strrchr
23e1f68c T strnlen
23e1f6b4 T strdup
23e1f6e8 T strspn
23e1f728 T strpbrk
23e1f764 T strtok
23e1f7e0 T strsep
23e1f814 T strswab
23e1f860 T memset
23e1f8c8 T bcopy
23e1f8f0 T memcpy
23e1f964 T memmove
23e1f9bc T memcmp
23e1f9f4 T memscan
23e1fa1c T strstr
23e1fa7c T memchr
23e1fab0 T udelay
23e1fae0 t pack_hex_byte
23e1fb08 t put_dec_trunc
23e1fbe8 t string
23e1fc78 t put_dec
23e1fdac t number
23e1ffc4 T simple_strtoul
23e20070 T strict_strtoul
23e200e8 T simple_strtol
23e20110 T ustrtoul
23e20184 T simple_strtoull
23e20264 T vsprintf
23e20888 T sprintf
23e208ac T panic
23e208f0 T zcfree
23e208f8 T zcalloc
23e20900 T inflate_fast
23e20e54 T inflate_table
23e213c8 T inflateReset
23e21448 T inflateInit2_
23e21550 T inflateInit_
23e21564 T inflateEnd
23e215d0 T adler32
23e218cc T inflate
23e22f6c t __fswab32
23e22f88 t NetCopyLong
23e22f90 t NetCopyIP
23e22f98 t NetReadLong
23e22fb4 t DhcpOptionsProcess
23e231cc t DhcpExtended
23e23318 t NetWriteIP.clone.0
23e23334 t DhcpHandler
23e236a4 T BootpRequest
23e23854 t BootpTimeout
23e2389c T DhcpRequest
23e238a0 t is_valid_ether_addr
23e238e8 W cpu_eth_init
23e238e8 t __def_eth_init
23e238f0 t eth_current_changed
23e2394c T eth_parse_enetaddr
23e239a8 T eth_getenv_enetaddr
23e239c8 T eth_setenv_enetaddr
23e23a00 T eth_getenv_enetaddr_by_index
23e23a54 T eth_get_dev
23e23a64 T eth_get_dev_by_name
23e23ab8 T eth_get_dev_by_index
23e23b04 T eth_get_dev_index
23e23b54 T eth_write_hwaddr
23e23c80 T eth_register
23e23d08 T eth_initialize
23e23e9c T eth_halt
23e23ecc T eth_send
23e23f04 T eth_rx
23e23f30 T eth_try_another
23e23fac T eth_init
23e2407c T eth_set_current
23e24110 T eth_get_name
23e24130 t startAgainTimeout
23e24144 t startAgainHandler
23e24148 t PingHandler
23e24164 t NetCopyIP
23e2416c t NetReadIP
23e24188 t PingTimeout
23e241a4 t getenv_IPaddr
23e241b4 T NetSetHandler
23e241c4 T NetSetTimeout
23e241f4 T NetStartAgain
23e24300 T NetSendPacket
23e24304 T NetCksum
23e2433c T NetCksumOk
23e24360 T NetEthHdrSize
23e243a0 T NetSetEther
23e24444 T NetReceive
23e24950 T ArpRequest
23e24a50 T ArpTimeoutCheck
23e24ac4 T PingSend
23e24c0c T NetSetIP
23e24d04 T NetSendUDPPacket
23e24e44 T copy_filename
23e24e88 T random_port
23e24ea4 T ip_to_string
23e24ef4 T VLAN_to_string
23e24f44 T string_to_VLAN
23e24f9c T getenv_VLAN
23e24fac T NetLoop
23e253a4 t __fswab32
23e253c0 t basename
23e25400 t rpc_add_credentials
23e254d4 t rpc_lookup_reply
23e25574 t rpc_req
23e25670 t rpc_lookup_req
23e256d0 t nfs_mount_req
23e25764 t nfs_umountall_req
23e257bc t nfs_lookup_req
23e25864 t nfs_read_req
23e258e4 t nfs_readlink_req
23e2593c t NfsSend
23e259d0 t NfsTimeout
23e25a28 t NfsHandler
23e25f24 T NfsStart
23e26154 t TftpSend
23e262fc t TftpTimeout
23e2636c t TftpHandler
23e26674 T TftpStart
23e26954 T board_init
23e26a00 T dram_init
23e26a20 T dram_init_banksize
23e26a44 T board_late_init
23e26a4c T board_eth_init
23e26a50 T checkboard
23e26a68 T board_mmc_init
23e26bb4 t _TEXT_BASE
23e26bb8 T lowlevel_init
23e26cbc t wakeup_reset_from_didle
23e26cc0 t lockloop
23e26cd4 t wakeup_reset_pre
23e26cf0 t wakeup_reset
23e26cfc t exit_wakeup
23e26d10 t system_clock_init
23e26da0 t uart_asm_init
23e26df0 t nand_asm_init
23e26e88 t tzpc_init
23e26edc t onenandcon_init
23e26f10 t wait_orwb
23e26fe0 T mem_ctrl_asm_init
23e2709c t find_lock_val
23e27208 t find_lock_val1
23e27358 T cleanDCache
23e27364 T cleanFlushDCache
23e27370 T cleanFlushCache
23e27400 T v7_flush_dcache_all
23e27418 t Loop1
23e27458 t Loop2
23e2745c t Loop3
23e27478 t Skip
23e27484 t Finished
23e274a0 T disable_l2cache
23e274c0 T enable_l2cache
23e274e0 T set_l2cache_auxctrl
23e27500 T set_l2cache_auxctrl_cycle
23e27520 t CoInvalidateDCacheIndex
23e27540 T raise
23e27588 T __aeabi_unwind_cpp_pr0
23e2758c T __udivsi3
23e2758c t .udivsi3_skip_div0_test
23e2758c t __aeabi_uidiv
23e27778 t __aeabi_uidivmod
23e27798 T __divsi3
23e27798 t __aeabi_idiv
23e277a0 t .divsi3_skip_div0_test
23e279b8 t __aeabi_idivmod
23e279d8 T __lshrdi3
23e279d8 t __aeabi_llsr
23e279f4 T __ashrdi3
23e279f4 t __aeabi_lasr
23e27a10 T __ashldi3
23e27a10 t __aeabi_llsl
23e27a2c W __aeabi_ldiv0
23e27a2c t __aeabi_idiv0
23e27a3c R config_full
23e27a48 R config_full_total
23e27a68 R config_high
23e27a74 R config_high_total
23e27a94 R qualifier_desc
23e27aa0 R string_desc0
23e27aa4 R string_desc1
23e27acc R string_desc2
23e27af8 r C.0.3790
23e27b78 r boot_os
23e27bc4 r op_table
23e27c2c r __func__.3000
23e27c3c r __func__.2966
23e27c4c V version_string
23e27c84 r CSWTCH.15
23e27cdc R default_environment
23e27e84 r __func__.2789
23e27e94 r __func__.2796
23e27ea0 r __func__.3436
23e27ea8 r uimage_os
23e27f14 r uimage_arch
23e27ff8 r uimage_type
23e280c4 r uimage_comp
23e2810c r erase_seq
23e28110 r tab_seq
23e2811c r CSWTCH.13
23e2813c r block_drvr
23e2814c r multipliers
23e2818c r fbase
23e2819c r __func__.3105
23e281a8 r __func__.3001
23e281b8 r __func__.3073
23e281cc r default_nand_name
23e281d4 r __FUNCTION__.3317
23e281e8 r __FUNCTION__.3895
23e281f8 r __FUNCTION__.3658
23e2820c r __func__.4039
23e28220 r __FUNCTION__.4072
23e28230 r nand_ecc_precalc_table
23e28330 R nand_flash_ids
23e28798 R nand_manuf_ids
23e287e8 r udivslot
23e28828 r filesystems
23e28840 R crc7_syndrome_table
23e28940 r crc16_tab
23e28b40 r crc_table
23e28f40 r names.2657
23e28f48 R _ctype
23e29048 R hex_asc
23e2905c r digits.2746
23e2906c r lext.2985
23e290ac r lbase.2984
23e290ec r dext.2987
23e2912c r dbase.2986
23e2916c r lenfix
23e2996c r distfix
23e299ec r order.3080
23e29a14 R z_errmsg
23e30fd8 D test_pkt
23e31010 D s5p_cpu_id
23e31014 D s5p_cpu_rev
23e31018 D init_sequence
23e31044 d cmd_bootm_sub
23e310ec d do_echo
23e310f0 d dp_last_length
23e310f4 d curr_device
23e310f8 d cmd_env_sub
23e311d0 d env_id
23e311d4 D load_addr
23e311d8 d av_
23e315e0 d sbrk_base
23e315e4 d trim_threshold
23e315e8 d mmap_threshold
23e315ec D env_name_spec
23e315f0 d reserved_list
23e31674 d hist_cur
23e31678 D stdio_names
23e31684 d cur_dev_num
23e31688 D nand_curr_device
23e3168c d nand_oob_8
23e318d4 d nand_oob_16
23e31b1c d nand_oob_64
23e31d64 d nand_oob_128
23e31fac d largepage_flashbased
23e31fd0 d smallpage_flashbased
23e31ff4 d largepage_memorybased
23e32018 d smallpage_memorybased
23e3203c d bbt_main_descr
23e32060 d bbt_mirror_descr
23e32084 d agand_flashbased
23e320a8 d bbt_pattern
23e320ac d mirror_pattern
23e320b0 d scan_agand_pattern
23e320b8 d scan_ff_pattern
23e320bc d s3c_nand_oob_128
23e32304 d s3c_nand_oob_64_8bit
23e3254c d s3c_nand_oob_16
23e32794 d s3c_nand_oob_mlc_64
23e329dc D s5p_serial0_device
23e32a0c D s5p_serial1_device
23e32a3c D s5p_serial2_device
23e32a6c D s5p_serial3_device
23e32a9c d cur_part
23e32aa0 D file_cwd
23e32ca0 d current_filesystem
23e32ca4 D NetOurVLAN
23e32ca6 D NetOurNativeVLAN
23e32ca8 D NetBcastAddr
23e32cb0 d nfs_offset
23e32cb4 d TftpTimeoutMSecs
23e32cb8 d TftpBlkSizeOption
23e32cbc d TftpTimeoutCountMax
23e32cc0 d TftpBlkSize
23e32cc4 D TftpRRQTimeoutCountMax
23e32cc8 D TftpRRQTimeoutMSecs
23e32cd8 A __u_boot_cmd_start
23e32cd8 D __u_boot_cmd_bdinfo
23e32cf0 D __u_boot_cmd_go
23e32d08 D __u_boot_cmd_reset
23e32d20 D __u_boot_cmd_bootm
23e32d38 D __u_boot_cmd_boot
23e32d50 D __u_boot_cmd_bootd
23e32d68 D __u_boot_cmd_iminfo
23e32d80 D __u_boot_cmd_coninfo
23e32d98 D __u_boot_cmd_echo
23e32db0 D __u_boot_cmd_bootelf
23e32dc8 D __u_boot_cmd_bootvx
23e32de0 D __u_boot_cmd_exit
23e32df8 D __u_boot_cmd_fatload
23e32e10 D __u_boot_cmd_fatls
23e32e28 D __u_boot_cmd_fatinfo
23e32e40 D __u_boot_cmd_flinfo
23e32e58 D __u_boot_cmd_erase
23e32e70 D __u_boot_cmd_protect
23e32e88 D __u_boot_cmd_help
23e32ea0 D __u_boot_cmd_question_mark
23e32eb8 D __u_boot_cmd_itest
23e32ed0 D __u_boot_cmd_loads
23e32ee8 D __u_boot_cmd_loadb
23e32f00 D __u_boot_cmd_loady
23e32f18 D __u_boot_cmd_md
23e32f30 D __u_boot_cmd_mm
23e32f48 D __u_boot_cmd_nm
23e32f60 D __u_boot_cmd_mw
23e32f78 D __u_boot_cmd_cp
23e32f90 D __u_boot_cmd_cmp
23e32fa8 D __u_boot_cmd_crc32
23e32fc0 D __u_boot_cmd_base
23e32fd8 D __u_boot_cmd_loop
23e32ff0 D __u_boot_cmd_mtest
23e33008 D __u_boot_cmd_sleep
23e33020 D __u_boot_cmd_mmcinfo
23e33038 D __u_boot_cmd_mmc
23e33050 D __u_boot_cmd_chpart
23e33068 D __u_boot_cmd_mtdparts
23e33080 D __u_boot_cmd_nand
23e33098 D __u_boot_cmd_nboot
23e330b0 D __u_boot_cmd_bootp
23e330c8 D __u_boot_cmd_tftpboot
23e330e0 D __u_boot_cmd_dhcp
23e330f8 D __u_boot_cmd_nfs
23e33110 D __u_boot_cmd_ping
23e33128 D __u_boot_cmd_saveenv
23e33140 D __u_boot_cmd_env
23e33158 D __u_boot_cmd_editenv
23e33170 D __u_boot_cmd_printenv
23e33188 D __u_boot_cmd_setenv
23e331a0 D __u_boot_cmd_run
23e331b8 D __u_boot_cmd_source
23e331d0 D __u_boot_cmd_test
23e331e8 D __u_boot_cmd_false
23e33200 D __u_boot_cmd_true
23e33218 D __u_boot_cmd_dnw
23e33230 D __u_boot_cmd_version
23e33248 D __u_boot_cmd_imxtract
23e33260 D __u_boot_cmd_showvar
23e33278 A __image_copy_end
23e33278 A __u_boot_cmd_end
23e33278 B __bss_start
23e33278 B otg
23e33278 R __rel_dyn_start
23e332fc B speed
23e33300 B remode_wakeup
23e33304 B get_status
23e3330a B config_value
23e3330c B get_intf
23e33310 B s3c_usbd_dn_addr
23e33314 B s3c_usbd_dn_cnt
23e33318 B s3c_receive_done
23e3331c B op_mode
23e33320 B s3c_got_header
23e33324 B DNW
23e33328 B monitor_flash_len
23e3332c b params
23e33330 b images
23e3345c b os_data_state
23e33460 b os_data_addr
23e33464 b bin_start_address
23e33468 B his_pad_count
23e3346c B his_pad_char
23e33470 b a_b
23e33488 B his_eol
23e3348c b k_data_escape
23e33490 B os_data_init
23e33494 b k_data_escape_saved
23e33498 b os_data_state_saved
23e3349c b os_data_addr_saved
23e334a0 B os_data_char
23e334a4 B his_quote
23e334a8 B send_ptr
23e334ac B send_parms
23e334c0 b base_address
23e334c4 b mm_last_addr
23e334c8 b mm_last_size
23e334cc b dp_last_addr
23e334d0 b dp_last_size
23e334d4 B current_mtd_dev
23e334d8 B devices
23e334e0 B current_mtd_partnum
23e334e4 b last_partition
23e334f4 b last_parts
23e336f4 B mtdids
23e336fc b initialized.3876
23e33700 b last_ids
23e33780 b last.3624
23e33788 b ctrlc_disabled
23e3378c b ctrlc_was_pressed
23e33790 B mem_malloc_brk
23e33794 B mem_malloc_start
23e33798 B mem_malloc_end
23e3379c b current_mallinfo
23e337c4 b top_pad
23e337c8 b max_sbrked_mem
23e337cc b max_total_mem
23e337d0 b n_mmaps_max
23e337d4 B env_htab
23e337e0 B env_ptr
23e337e4 b top_vars
23e337e8 b flag_repeat
23e337ec b do_repeat
23e337f0 b the_command.2912
23e338f0 b local.2896
23e33908 b buf.3110
23e33930 B last_return_code
23e33934 b map
23e33a34 b ifs
23e33a38 B nesting_level
23e33a3c b initted.2806
23e33a40 b hist_max
23e33a44 b hist_add_idx
23e33a48 B hist_num
23e33a4c B hist_lines
23e34e60 B hist_list
23e34eb0 B console_buffer
23e34fb4 b serial_devices
23e34fb8 b serial_current
23e34fbc b devs
23e34ff8 B stdio_devices
23e35004 b xyz
23e35440 b mmc_devices
23e35448 B mmc_dev
23e358c8 B mmc_host
23e35908 B mtd_table
23e35988 B nand_info
23e35a38 b nand_chip
23e35b58 B nand_type
23e35b5c B cur_ecc_mode
23e35b60 b dm9000_info
23e35c44 b cur_dev
23e35c48 b part_offset
23e35c4c B get_vfatname_block
23e38a00 R __dynsym_start
23e38a00 R __rel_dyn_end
23e38ac0 A _end
23e45c4c B do_fat_read_block
23e55c4c B get_dentfromdir_block
23e65c4c B errno
23e65c50 B ___strtok
23e65c54 B dhcp_leasetime
23e65c58 B NetDHCPServerIP
23e65c5c B BootpID
23e65c60 B dhcp_state
23e65c64 B BootpTry
23e65c68 b eth_current
23e65c6c b eth_devices
23e65c70 b first_failed.3305
23e65c74 b act.3310
23e65c78 b env_changed_id.3311
23e65c7c B NetState
23e65c80 B NetPingIP
23e65c84 b packetHandler
23e65c88 b timeHandler
23e65c8c b timeStart
23e65c90 b timeDelta
23e65c94 b NetTryCount
23e65c98 b NetRestarted
23e65c9c B NetRestartWrap
23e65ca0 b NetDevExists
23e65ca4 B NetOurEther
23e65cac B NetRxPacket
23e65cb0 B NetRxPacketLen
23e65cb4 B NetOurIP
23e65cb8 B NetArpWaitPacketIP
23e65cbc B NetArpWaitPacketMAC
23e65cc0 B NetArpWaitReplyIP
23e65cc4 B NetArpWaitTxPacket
23e65cc8 B NetArpWaitTxPacketSize
23e65ccc B NetTxPacket
23e65cd0 B NetOurSubnetMask
23e65cd4 B NetOurGatewayIP
23e65cd8 B NetArpWaitTimerStart
23e65cdc B NetArpWaitTry
23e65ce0 b mac.2829
23e65ce8 B NetEtherNullAddr
23e65cf0 B NetIPID
23e65cf4 b PingSeqNo
23e65cf8 B PktBuf
23e67b18 B NetRxPackets
23e67b28 B NetArpWaitPacketBuf
23e68148 b env_changed_id.2761
23e6814c B NetServerIP
23e68150 B NetBootFileXferSize
23e68154 B NetOurNISDomain
23e68174 B NetOurHostName
23e68194 B NetOurRootPath
23e681d4 B NetOurDNSIP
23e681d8 B NetBootFileSize
23e681dc B NetServerEther
23e681e4 B BootFile
23e68264 b rpc_id
23e68268 b NfsSrvMountPort
23e6826c b NfsSrvNfsPort
23e68270 b NfsServerIP
23e68274 b NfsOurPort
23e68278 b fs_mounted
23e6827c b dirfh
23e6829c b filefh
23e682bc b NfsState
23e682c0 b nfs_path
23e682c4 b nfs_filename
23e682c8 b nfs_len
23e682cc b NfsTimeoutCount
23e682d0 b NfsDownloadState
23e682d4 b nfs_path_buff
23e68ad4 b default_filename
23e68b14 b TftpState
23e68b18 b tftp_filename
23e68b98 b TftpBlock
23e68b9c b TftpRemoteIP
23e68ba0 b TftpRemotePort
23e68ba4 b TftpOurPort
23e68ba8 b TftpTimeoutCount
23e68bac b TftpBlockWrap
23e68bb0 b TftpBlockWrapOffset
23e68bb4 b TftpLastBlock
23e68bb8 b default_filename
23e68bc8 b s5pc110_gpio
23e68bcc B __bss_end__
